
Memory Configuration

Name             Origin             Length             Attributes
FLASH            0x08000000         0x00040000         xr
SRAM             0x20000000         0x00008000         xrw
*default*        0x00000000         0xffffffff

Linker script and memory map

LOAD gpio.o
LOAD main.o
LOAD startup.o
LOAD systick.o

.text           0x08000000      0x488
 *(.isr_vector)
 .isr_vector    0x08000000      0x118 startup.o
                0x08000000                vector_table
 *(.text)
 .text          0x08000118      0x1c4 gpio.o
                0x08000118                gpio_enable_clk
                0x08000144                gpio_set_mode
                0x08000188                gpio_set_otype
                0x080001c8                gpio_set_ospeed
                0x0800020c                gpio_set_pupd
                0x08000250                gpio_read_input
                0x0800027c                gpio_read_output
                0x080002a8                gpio_write
 .text          0x080002dc       0x70 main.o
                0x080002dc                main
 .text          0x0800034c       0xb8 startup.o
                0x0800034c                RTC_Alarm_IRQHandler
                0x0800034c                EXTI2_IRQHandler
                0x0800034c                COMP_ACQ_IRQHandler
                0x0800034c                DebugMon_Handler
                0x0800034c                DMA1_CH4_IRQHandler
                0x0800034c                HardFault_Handler
                0x0800034c                TIM10_IRQHandler
                0x0800034c                USB_HP_IRQHandler
                0x0800034c                TIM6_IRQHandler
                0x0800034c                PVD_IRQHandler
                0x0800034c                PendSV_Handler
                0x0800034c                NMI_Handler
                0x0800034c                EXTI3_IRQHandler
                0x0800034c                EXTI0_IRQHandler
                0x0800034c                I2C2_EV_IRQHandler
                0x0800034c                DMA2_CH1_IRQHandler
                0x0800034c                UsageFault_Handler
                0x0800034c                SPI1_IRQHandler
                0x0800034c                DMA1_CH7_IRQHandler
                0x0800034c                USB_FS_WKUP_IRQHandler
                0x0800034c                ADC1_IRQHandler
                0x0800034c                DMA1_CH6_IRQHandler
                0x0800034c                USART3_IRQHandler
                0x0800034c                LCD_IRQHandler
                0x0800034c                TIM4_IRQHandler
                0x0800034c                I2C1_EV_IRQHandler
                0x0800034c                DMA2_CH5_IRQHandler
                0x0800034c                DMA1_CH3_IRQHandler
                0x0800034c                TIM3_IRQHandler
                0x0800034c                RCC_IRQHandler
                0x0800034c                Default_Handler
                0x0800034c                EXTI15_10_IRQHandler
                0x0800034c                TIM7_IRQHandler
                0x0800034c                TIM5_IRQHandler
                0x0800034c                EXTI9_5_IRQHandler
                0x0800034c                DMA1_CH2_IRQHandler
                0x0800034c                TIM9_IRQHandler
                0x0800034c                TAMPER_STAMP_IRQHandler
                0x0800034c                RTC_WKUP_IRQHandler
                0x0800034c                SPI2_IRQHandler
                0x0800034c                DMA1_CH1_IRQHandler
                0x0800034c                MemManage_Handler
                0x0800034c                SVC_Handler
                0x0800034c                USB_LP_IRQHandler
                0x0800034c                EXTI4_IRQHandler
                0x0800034c                COMP_IRQHandler
                0x0800034c                WWDG_IRQHandler
                0x0800034c                TIM2_IRQHandler
                0x0800034c                DAC_IRQHandler
                0x0800034c                EXTI1_IRQHandler
                0x0800034c                AES_IRQHandler
                0x0800034c                TIM11_IRQHandler
                0x0800034c                USART2_IRQHandler
                0x0800034c                I2C2_ER_IRQHandler
                0x0800034c                FLASH_IRQHandler
                0x0800034c                BusFault_Handler
                0x0800034c                USART1_IRQHandler
                0x0800034c                SPI3_IRQHandler
                0x0800034c                DMA2_CH3_IRQHandler
                0x0800034c                DMA2_CH2_IRQHandler
                0x0800034c                I2C1_ER_IRQHandler
                0x0800034c                DMA1_CH5_IRQHandler
                0x0800034c                DMA2_CH4_IRQHandler
                0x08000354                CopyDataSection
                0x080003a8                InitBss
                0x080003f0                Reset_Handler
 .text          0x08000404       0x84 systick.o
                0x08000404                SysTick_Init
                0x0800043c                SysTick_Handler
                0x08000458                SysTick_Delay
 *(.rodata)
                0x08000488                        . = ALIGN (0x4)
                0x08000488                        _etext = .

.glue_7         0x08000488        0x0
 .glue_7        0x08000488        0x0 linker stubs

.glue_7t        0x08000488        0x0
 .glue_7t       0x08000488        0x0 linker stubs

.vfp11_veneer   0x08000488        0x0
 .vfp11_veneer  0x08000488        0x0 linker stubs

.v4_bx          0x08000488        0x0
 .v4_bx         0x08000488        0x0 linker stubs

.iplt           0x08000488        0x0
 .iplt          0x08000488        0x0 main.o

.rel.dyn        0x08000488        0x0
 .rel.iplt      0x08000488        0x0 main.o

.data           0x20000000        0x4 load address 0x08000488
                0x20000000                        . = ALIGN (0x4)
                0x20000000                        _sdata = .
 *(.data)
 .data          0x20000000        0x0 gpio.o
 .data          0x20000000        0x1 main.o
                0x20000000                bank
 .data          0x20000001        0x0 startup.o
 .data          0x20000001        0x0 systick.o
                0x20000004                        . = ALIGN (0x4)
 *fill*         0x20000001        0x3 
                0x20000004                        _edata = .

.igot.plt       0x20000004        0x0 load address 0x0800048c
 .igot.plt      0x20000004        0x0 main.o

.bss            0x20000004        0x4 load address 0x0800048c
                0x20000004                        . = ALIGN (0x4)
                0x20000004                        _sbss = .
 *(.bss)
 .bss           0x20000004        0x0 gpio.o
 .bss           0x20000004        0x0 main.o
 .bss           0x20000004        0x0 startup.o
 .bss           0x20000004        0x4 systick.o
                0x20000004                msTicks
                0x20000008                        . = ALIGN (0x4)
                0x20000008                        _ebss = .
OUTPUT(app.elf elf32-littlearm)
LOAD linker stubs

.debug_info     0x00000000      0x949
 .debug_info    0x00000000      0x41c gpio.o
 .debug_info    0x0000041c      0x22a main.o
 .debug_info    0x00000646      0x1bc startup.o
 .debug_info    0x00000802      0x147 systick.o

.debug_abbrev   0x00000000      0x453
 .debug_abbrev  0x00000000      0x148 gpio.o
 .debug_abbrev  0x00000148      0x106 main.o
 .debug_abbrev  0x0000024e      0x10f startup.o
 .debug_abbrev  0x0000035d       0xf6 systick.o

.debug_aranges  0x00000000       0x80
 .debug_aranges
                0x00000000       0x20 gpio.o
 .debug_aranges
                0x00000020       0x20 main.o
 .debug_aranges
                0x00000040       0x20 startup.o
 .debug_aranges
                0x00000060       0x20 systick.o

.debug_line     0x00000000      0x507
 .debug_line    0x00000000      0x1b9 gpio.o
 .debug_line    0x000001b9      0x101 main.o
 .debug_line    0x000002ba      0x144 startup.o
 .debug_line    0x000003fe      0x109 systick.o

.debug_str      0x00000000      0x317
 .debug_str     0x00000000      0x202 gpio.o
                                0x24c (size before relaxing)
 .debug_str     0x00000202       0x3b main.o
                                0x1cb (size before relaxing)
 .debug_str     0x0000023d       0x8d startup.o
                                0x1b5 (size before relaxing)
 .debug_str     0x000002ca       0x4d systick.o
                                0x179 (size before relaxing)

.comment        0x00000000       0x45
 .comment       0x00000000       0x45 gpio.o
                                 0x46 (size before relaxing)
 .comment       0x00000045       0x46 main.o
 .comment       0x00000045       0x46 startup.o
 .comment       0x00000045       0x46 systick.o

.ARM.attributes
                0x00000000       0x2d
 .ARM.attributes
                0x00000000       0x2d gpio.o
 .ARM.attributes
                0x0000002d       0x2d main.o
 .ARM.attributes
                0x0000005a       0x2d startup.o
 .ARM.attributes
                0x00000087       0x2d systick.o

.debug_frame    0x00000000      0x290
 .debug_frame   0x00000000      0x150 gpio.o
 .debug_frame   0x00000150       0x2c main.o
 .debug_frame   0x0000017c       0x94 startup.o
 .debug_frame   0x00000210       0x80 systick.o
